<?xml version="1.0" encoding="UTF-8"?>

<dataset>
	
	<site_user id="1" email_address="giovanni.sicilia02@gmail.com" password="fba5bfdc4286af5e784464fd15615ab20a810e5b58bffa13d25bb57e3e0166de" nome="Giovanni" cognome="Sicilia" indirizzo="Via Nazario Sauro 3" citta="Salerno" codice_postale="84135" provincia="SA" nazione="Italia"/>
	<site_user id="2" email_address="Simone.dAssisi@gmail.com" password="ca6e8602c44fe8bfc87512d69f619849f2d9700cd1d5c4256fa0f412f7a58f90" nome="Simone" cognome="D'Assisi" indirizzo="Via Pasquale Vitiello 10" citta="Scafati" codice_postale="84018" provincia="SA" nazione="Italia"/>
	<site_user id="3" email_address="ddfn@gmail.com" password="cc7d8c88fe977b1a8d5d4182b79462a834965d7e445ffe948c67a5b813b8617b" nome="Davide" cognome="Del Franco Natale" indirizzo="Via Francesco Giancola 94" citta="Avellino" codice_postale="83100" provincia="AV" nazione="Italia"/>
	<site_user id="4" email_address="mariorossi@gmail.com" password="ac531857be7bcc1d0842f8bf95ff99ccd3e8d7da0570bce65cc5d4e7190f029d" nome="Mario" cognome="Rossi" indirizzo="Via Roma 1" citta="Salerno" codice_postale="84100" provincia="SA" nazione="Italia"/>

</dataset>